metadata	oCfHBXB6cYgEeJfQcdQFytfKwQ4=
chr1	iRgfAiTq83xaM55tnzZtnAmuDts=
chr10	LXUincBCeVkNgfDshQZyN/zY8Ik=
chr11	UMS/t9+OBW8obVnvLNPjrvruyr0=
chr12	YAkFXHqbE7LcHDkqEiCCHCHr8Xg=
chr13	vI1SOJJz15la0MKyD7vjY3VMly0=
chr14	swcTSP5BR8YaqCKCdg/FWdf6sCg=
chr15	uAdnpV+JvQteyUxBEI2vZCbO2No=
chr16	4hcz15zk4PWmG0uyVvIE+qTYS8A=
chr18	OUymlsfv+IX1E2gm/vGd1bEaNeM=
chr19	thhoHnth0tbSKNcT30tJloGx8bk=
chr2	oTLxElPFT0gBAf/gBR6A8u70X0E=
chr20	AbuHkhc1htrlwvmVGW7Zq0Q/FOk=
chr21	/gGpI8Gj7skKzSzuzjDLTB41RMM=
chr22	xrl3xTQe2L6TSmf3MnSJymbgBYE=
chr4	ewLzPHyyw256VFScof62ERyU+dU=
chr5	OdfERhpAjEZ5UtWYNtALpZOa/HI=
chr6	1yGdfw0mQMZgY+5bwLd3HnHt4vg=
chr7	FxmzUL+IrQcMlAPObuz7xwYj8JA=
chr8	DZqAdjNvHrwui7K9NA1axa8f2kA=
chr9	HPcwTXOrzZoLGL7NJUnjFwSGTRU=
chrX	LiTRZtyf8pe79UrTdqQEJYpqupk=
